==============================================
   libical-glib 1.0.0: tests/test-suite.log
==============================================

# TOTAL: 5
# PASS:  5
# SKIP:  0
# XFAIL: 0
# FAIL:  0
# XPASS: 0
# ERROR: 0

.. contents:: :depth: 2

